// Jest Snapshot v1, https://goo.gl/fbAQLP

exports[`MessagePreviewCard matches the snapshot 1`] = `
<KeyboardProvider>
  <View
    accessibilityLabel="Sarah Murphy, Capital Gains Query"
    accessibilityRole="button"
    accessibilityState={
      {
        "busy": undefined,
        "checked": undefined,
        "disabled": undefined,
        "expanded": undefined,
        "selected": undefined,
      }
    }
    accessibilityValue={
      {
        "max": undefined,
        "min": undefined,
        "now": undefined,
        "text": undefined,
      }
    }
    accessible={true}
    collapsable={false}
    focusable={true}
    onBlur={[Function]}
    onClick={[Function]}
    onFocus={[Function]}
    onResponderGrant={[Function]}
    onResponderMove={[Function]}
    onResponderRelease={[Function]}
    onResponderTerminate={[Function]}
    onResponderTerminationRequest={[Function]}
    onStartShouldSetResponder={[Function]}
    style={
      {
        "backgroundColor": "#FFFFFF",
        "borderColor": "#E1E6E8",
        "borderRadius": 18,
        "borderWidth": 2,
        "padding": 18,
      }
    }
  >
    <View
      style={
        {
          "alignItems": "flex-start",
          "flexDirection": "row",
          "gap": 15,
        }
      }
    >
      <ViewManagerAdapter_ExpoLinearGradient
        colors={
          [
            4278230182,
            4278222474,
          ]
        }
        endPoint={
          [
            1,
            1,
          ]
        }
        startPoint={
          [
            0,
            0,
          ]
        }
        style={
          {
            "alignItems": "center",
            "borderRadius": 25,
            "flexShrink": 0,
            "height": 50,
            "justifyContent": "center",
            "width": 50,
          }
        }
      >
        <Text
          maxFontSizeMultiplier={1.3}
          style={
            {
              "color": "#FFFFFF",
              "fontFamily": "Figtree_700Bold",
              "fontSize": 18,
              "fontWeight": "700",
            }
          }
        >
          SM
        </Text>
      </ViewManagerAdapter_ExpoLinearGradient>
      <View
        style={
          {
            "flex": 1,
            "minWidth": 0,
          }
        }
      >
        <View
          style={
            {
              "flexDirection": "row",
              "justifyContent": "space-between",
              "marginBottom": 2,
            }
          }
        >
          <Text
            maxFontSizeMultiplier={1.3}
            style={
              {
                "color": "#002B49",
                "fontFamily": "Figtree_700Bold",
                "fontSize": 18,
                "fontWeight": "700",
              }
            }
          >
            Sarah Murphy
          </Text>
          <Text
            maxFontSizeMultiplier={1.3}
            style={
              {
                "color": "#545859",
                "fontFamily": "Figtree_400Regular",
                "fontSize": 15,
              }
            }
          >
            10:32 AM
          </Text>
        </View>
        <Text
          maxFontSizeMultiplier={1.3}
          style={
            {
              "color": "#00B74F",
              "fontFamily": "Figtree_600SemiBold",
              "fontSize": 15,
              "fontWeight": "600",
              "marginBottom": 2,
              "marginHorizontal": 0,
              "marginTop": 0,
            }
          }
        >
          Capital Gains Query
        </Text>
        <Text
          maxFontSizeMultiplier={1.3}
          numberOfLines={1}
          style={
            {
              "color": "#545859",
              "fontFamily": "Figtree_400Regular",
              "fontSize": 17,
            }
          }
        >
          Morning Sarah — yes, I have the sale contract.
        </Text>
      </View>
      <View
        style={
          {
            "backgroundColor": "#00B74F",
            "borderRadius": 6,
            "flexShrink": 0,
            "height": 11,
            "marginTop": 8,
            "width": 11,
          }
        }
      />
    </View>
  </View>
</KeyboardProvider>
`;
