// Jest Snapshot v1, https://goo.gl/fbAQLP

exports[`OpdTokenCard matches the snapshot 1`] = `
<KeyboardProvider>
  <View
    style={
      {
        "backgroundColor": "#14213D",
        "borderRadius": 33,
        "flexDirection": "column",
        "gap": 24,
        "padding": 30,
      }
    }
  >
    <View
      style={
        {
          "alignItems": "center",
          "flexDirection": "row",
          "justifyContent": "space-between",
        }
      }
    >
      <View
        style={
          {
            "flexDirection": "column",
            "gap": 6,
          }
        }
      >
        <Text
          maxFontSizeMultiplier={1.3}
          style={
            {
              "color": "#AFC0D4",
              "fontFamily": "Figtree_400Regular",
              "fontSize": 19,
            }
          }
        >
          Your OPD token · Cardiology
        </Text>
        <Text
          maxFontSizeMultiplier={1.3}
          style={
            {
              "color": "#FFFFFF",
              "fontFamily": "Figtree_800ExtraBold",
              "fontSize": 94,
              "letterSpacing": -3,
              "lineHeight": 94,
            }
          }
        >
          A-24
        </Text>
      </View>
      <View
        style={
          {
            "alignItems": "flex-end",
            "flexDirection": "column",
            "gap": 6,
          }
        }
      >
        <Text
          maxFontSizeMultiplier={1.3}
          style={
            {
              "color": "#AFC0D4",
              "fontFamily": "Figtree_400Regular",
              "fontSize": 19,
            }
          }
        >
          Now serving
        </Text>
        <Text
          maxFontSizeMultiplier={1.3}
          style={
            {
              "color": "#FFFFFF",
              "fontFamily": "Figtree_800ExtraBold",
              "fontSize": 41,
            }
          }
        >
          A-18
        </Text>
      </View>
    </View>
    <View
      accessibilityRole="progressbar"
      accessibilityValue={
        {
          "max": 100,
          "min": 0,
          "now": 72,
        }
      }
      style={
        {
          "backgroundColor": "rgba(255,255,255,0.14)",
          "borderRadius": 6,
          "height": 12,
          "overflow": "hidden",
        }
      }
    >
      <View
        style={
          {
            "backgroundColor": "#6FD3B8",
            "borderRadius": 6,
            "height": "100%",
            "width": "72%",
          }
        }
      />
    </View>
    <View
      style={
        {
          "alignItems": "center",
          "flexDirection": "row",
          "justifyContent": "space-between",
        }
      }
    >
      <Text
        maxFontSizeMultiplier={1.3}
        style={
          {
            "color": "#AFC0D4",
            "fontFamily": "Figtree_400Regular",
            "fontSize": 19,
          }
        }
      >
        6 patients ahead
      </Text>
      <Text
        maxFontSizeMultiplier={1.3}
        style={
          {
            "color": "#6FD3B8",
            "fontFamily": "Figtree_700Bold",
            "fontSize": 19,
            "fontWeight": "700",
          }
        }
      >
        About 25 min wait
      </Text>
    </View>
  </View>
</KeyboardProvider>
`;
