// Jest Snapshot v1, https://goo.gl/fbAQLP

exports[`RecordSummaryCard matches the snapshot 1`] = `
<KeyboardProvider>
  <View
    style={
      {
        "backgroundColor": "#2F7D6D",
        "borderRadius": 30,
        "flexDirection": "row",
        "gap": 15,
        "padding": 24,
      }
    }
  >
    <View
      style={
        {
          "backgroundColor": "rgba(255,255,255,0.12)",
          "borderRadius": 21,
          "flex": 1,
          "flexDirection": "column",
          "gap": 3,
          "padding": 18,
        }
      }
    >
      <Text
        maxFontSizeMultiplier={1.3}
        style={
          {
            "color": "#FFFFFF",
            "fontFamily": "Figtree_700Bold",
            "fontSize": 33,
            "fontWeight": "800",
          }
        }
      >
        24
      </Text>
      <Text
        maxFontSizeMultiplier={1.3}
        style={
          {
            "color": "#CDE6DF",
            "fontFamily": "Figtree_400Regular",
            "fontSize": 18,
          }
        }
      >
        Lab reports
      </Text>
    </View>
    <View
      accessibilityLabel="Prescriptions"
      accessibilityRole="button"
      accessibilityState={
        {
          "busy": undefined,
          "checked": undefined,
          "disabled": undefined,
          "expanded": undefined,
          "selected": undefined,
        }
      }
      accessibilityValue={
        {
          "max": undefined,
          "min": undefined,
          "now": undefined,
          "text": undefined,
        }
      }
      accessible={true}
      collapsable={false}
      focusable={true}
      onBlur={[Function]}
      onClick={[Function]}
      onFocus={[Function]}
      onResponderGrant={[Function]}
      onResponderMove={[Function]}
      onResponderRelease={[Function]}
      onResponderTerminate={[Function]}
      onResponderTerminationRequest={[Function]}
      onStartShouldSetResponder={[Function]}
      style={
        {
          "backgroundColor": "rgba(255,255,255,0.12)",
          "borderRadius": 21,
          "flex": 1,
          "flexDirection": "column",
          "gap": 3,
          "padding": 18,
        }
      }
    >
      <Text
        maxFontSizeMultiplier={1.3}
        style={
          {
            "color": "#FFFFFF",
            "fontFamily": "Figtree_700Bold",
            "fontSize": 33,
            "fontWeight": "800",
          }
        }
      >
        8
      </Text>
      <Text
        maxFontSizeMultiplier={1.3}
        style={
          {
            "color": "#CDE6DF",
            "fontFamily": "Figtree_400Regular",
            "fontSize": 18,
          }
        }
      >
        Prescriptions
      </Text>
    </View>
    <View
      style={
        {
          "backgroundColor": "rgba(255,255,255,0.12)",
          "borderRadius": 21,
          "flex": 1,
          "flexDirection": "column",
          "gap": 3,
          "padding": 18,
        }
      }
    >
      <Text
        maxFontSizeMultiplier={1.3}
        style={
          {
            "color": "#FFFFFF",
            "fontFamily": "Figtree_700Bold",
            "fontSize": 33,
            "fontWeight": "800",
          }
        }
      >
        3
      </Text>
      <Text
        maxFontSizeMultiplier={1.3}
        style={
          {
            "color": "#CDE6DF",
            "fontFamily": "Figtree_400Regular",
            "fontSize": 18,
          }
        }
      >
        Discharges
      </Text>
    </View>
  </View>
</KeyboardProvider>
`;
