// Jest Snapshot v1, https://goo.gl/fbAQLP

exports[`TabBarLabel matches the snapshot 1`] = `
<KeyboardProvider>
  <View
    style={
      {
        "alignItems": "center",
        "marginTop": 3,
      }
    }
  >
    <Text
      maxFontSizeMultiplier={1.3}
      numberOfLines={1}
      style={
        {
          "color": "#009CA6",
          "fontFamily": "Figtree_700Bold",
          "fontSize": 14,
          "fontWeight": "700",
        }
      }
    >
      Home
    </Text>
    <View
      style={
        {
          "backgroundColor": "#009CA6",
          "borderRadius": 3,
          "height": 5,
          "marginTop": 3,
          "width": 5,
        }
      }
    />
  </View>
</KeyboardProvider>
`;
