// Jest Snapshot v1, https://goo.gl/fbAQLP

exports[`Avatar matches the snapshot 1`] = `
<KeyboardProvider>
  <ViewManagerAdapter_ExpoLinearGradient
    colors={
      [
        4278230182,
        4278222474,
      ]
    }
    endPoint={
      [
        1,
        1,
      ]
    }
    startPoint={
      [
        0,
        0,
      ]
    }
    style={
      {
        "alignItems": "center",
        "borderRadius": 29.5,
        "flexShrink": 0,
        "height": 59,
        "justifyContent": "center",
        "width": 59,
      }
    }
  >
    <Text
      maxFontSizeMultiplier={1.3}
      style={
        {
          "color": "#FFFFFF",
          "fontFamily": "Figtree_700Bold",
          "fontSize": 21,
          "fontWeight": "700",
        }
      }
    >
      AP
    </Text>
  </ViewManagerAdapter_ExpoLinearGradient>
</KeyboardProvider>
`;
