// Jest Snapshot v1, https://goo.gl/fbAQLP

exports[`SectionHeader matches the snapshot 1`] = `
<KeyboardProvider>
  <View
    style={
      {
        "alignItems": "baseline",
        "flexDirection": "row",
        "justifyContent": "space-between",
      }
    }
  >
    <Text
      maxFontSizeMultiplier={1.3}
      style={
        {
          "color": "#14213D",
          "fontFamily": "Figtree_700Bold",
          "fontSize": 24,
          "fontWeight": "700",
        }
      }
    >
      Next appointment
    </Text>
    <View
      accessibilityRole="link"
      accessibilityState={
        {
          "busy": undefined,
          "checked": undefined,
          "disabled": undefined,
          "expanded": undefined,
          "selected": undefined,
        }
      }
      accessibilityValue={
        {
          "max": undefined,
          "min": undefined,
          "now": undefined,
          "text": undefined,
        }
      }
      accessible={true}
      collapsable={false}
      focusable={true}
      hitSlop={12}
      onBlur={[Function]}
      onClick={[Function]}
      onFocus={[Function]}
      onResponderGrant={[Function]}
      onResponderMove={[Function]}
      onResponderRelease={[Function]}
      onResponderTerminate={[Function]}
      onResponderTerminationRequest={[Function]}
      onStartShouldSetResponder={[Function]}
    >
      <Text
        maxFontSizeMultiplier={1.3}
        style={
          {
            "color": "#2F7D6D",
            "fontFamily": "Figtree_600SemiBold",
            "fontSize": 19,
            "fontWeight": "600",
          }
        }
      >
        See all
      </Text>
    </View>
  </View>
</KeyboardProvider>
`;
