// Jest Snapshot v1, https://goo.gl/fbAQLP

exports[`YearOptionRow matches the snapshot 1`] = `
<KeyboardProvider>
  <View
    accessibilityLabel="2024"
    accessibilityRole="button"
    accessibilityState={
      {
        "busy": undefined,
        "checked": undefined,
        "disabled": undefined,
        "expanded": undefined,
        "selected": true,
      }
    }
    accessibilityValue={
      {
        "max": undefined,
        "min": undefined,
        "now": undefined,
        "text": undefined,
      }
    }
    accessible={true}
    collapsable={false}
    focusable={true}
    onBlur={[Function]}
    onClick={[Function]}
    onFocus={[Function]}
    onResponderGrant={[Function]}
    onResponderMove={[Function]}
    onResponderRelease={[Function]}
    onResponderTerminate={[Function]}
    onResponderTerminationRequest={[Function]}
    onStartShouldSetResponder={[Function]}
    style={
      [
        {
          "alignItems": "center",
          "backgroundColor": "#F4F7F8",
          "borderColor": "#E1E6E8",
          "borderRadius": 15,
          "borderWidth": 3,
          "flexDirection": "row",
          "justifyContent": "space-between",
          "marginBottom": 9,
          "paddingHorizontal": 21,
          "paddingVertical": 19,
        },
        {
          "backgroundColor": "#EAF7F8",
          "borderColor": "#009CA6",
        },
      ]
    }
  >
    <Text
      maxFontSizeMultiplier={1.3}
      style={
        {
          "color": "#009CA6",
          "fontFamily": "Figtree_600SemiBold",
          "fontSize": 21,
          "fontWeight": "600",
        }
      }
    >
      2024
    </Text>
    <RNSVGSvgView
      align="xMidYMid"
      bbHeight={24}
      bbWidth={24}
      fill="none"
      focusable={false}
      height={24}
      meetOrSlice={0}
      minX={0}
      minY={0}
      style={
        [
          {
            "backgroundColor": "transparent",
            "borderWidth": 0,
          },
          {
            "flex": 0,
            "height": 24,
            "width": 24,
          },
        ]
      }
      testID="year-option-check"
      vbHeight={24}
      vbWidth={24}
      width={24}
    >
      <RNSVGGroup
        fill={null}
        propList={
          [
            "fill",
          ]
        }
      >
        <RNSVGGroup
          fill={
            {
              "payload": 4278190080,
              "type": 0,
            }
          }
          propList={
            [
              "stroke",
              "strokeWidth",
              "strokeLinecap",
              "strokeLinejoin",
            ]
          }
          stroke={
            {
              "payload": 4278230182,
              "type": 0,
            }
          }
          strokeLinecap={1}
          strokeLinejoin={1}
          strokeWidth={3}
        >
          <RNSVGPath
            d="M20 6L9 17l-5-5"
            fill={
              {
                "payload": 4278190080,
                "type": 0,
              }
            }
          />
        </RNSVGGroup>
      </RNSVGGroup>
    </RNSVGSvgView>
  </View>
</KeyboardProvider>
`;
