// Jest Snapshot v1, https://goo.gl/fbAQLP

exports[`MoreScreen matches the snapshot 1`] = `
<KeyboardProvider>
  <RNCSafeAreaView
    edges={
      {
        "bottom": "off",
        "left": "off",
        "right": "off",
        "top": "additive",
      }
    }
    style={
      {
        "backgroundColor": "#F4F7F8",
        "flex": 1,
      }
    }
  >
    <RCTScrollView
      contentContainerStyle={
        {
          "paddingBottom": 24,
          "paddingHorizontal": 21,
          "paddingTop": 0,
        }
      }
      showsVerticalScrollIndicator={false}
      style={
        {
          "flex": 1,
        }
      }
    >
      <View>
        <View
          style={
            {
              "paddingBottom": 15,
              "paddingHorizontal": 0,
              "paddingTop": 18,
            }
          }
        >
          <Text
            maxFontSizeMultiplier={1.3}
            style={
              {
                "color": "#002B49",
                "fontFamily": "Figtree_700Bold",
                "fontSize": 27,
                "fontWeight": "700",
                "letterSpacing": -0,
                "marginBottom": 5,
              }
            }
          >
            More
          </Text>
          <Text
            maxFontSizeMultiplier={1.3}
            style={
              {
                "color": "#545859",
                "fontFamily": "Figtree_400Regular",
                "fontSize": 18,
              }
            }
          >
            All features & settings
          </Text>
        </View>
        <View
          accessibilityLabel="Document Signing"
          accessibilityRole="button"
          accessibilityState={
            {
              "busy": undefined,
              "checked": undefined,
              "disabled": undefined,
              "expanded": undefined,
              "selected": undefined,
            }
          }
          accessibilityValue={
            {
              "max": undefined,
              "min": undefined,
              "now": undefined,
              "text": undefined,
            }
          }
          accessible={true}
          collapsable={false}
          focusable={true}
          onBlur={[Function]}
          onClick={[Function]}
          onFocus={[Function]}
          onResponderGrant={[Function]}
          onResponderMove={[Function]}
          onResponderRelease={[Function]}
          onResponderTerminate={[Function]}
          onResponderTerminationRequest={[Function]}
          onStartShouldSetResponder={[Function]}
          style={
            {
              "backgroundColor": "#FFFFFF",
              "borderColor": "#E1E6E8",
              "borderRadius": 18,
              "borderWidth": 2,
              "marginBottom": 9,
              "padding": 18,
            }
          }
        >
          <View
            style={
              {
                "alignItems": "center",
                "flexDirection": "row",
                "gap": 15,
              }
            }
          >
            <View
              style={
                {
                  "alignItems": "center",
                  "backgroundColor": "#F4F7F8",
                  "borderRadius": 14,
                  "height": 50,
                  "justifyContent": "center",
                  "width": 50,
                }
              }
            >
              <RNSVGSvgView
                align="xMidYMid"
                bbHeight={24}
                bbWidth={24}
                fill="none"
                focusable={false}
                height={24}
                meetOrSlice={0}
                minX={0}
                minY={0}
                style={
                  [
                    {
                      "backgroundColor": "transparent",
                      "borderWidth": 0,
                    },
                    {
                      "flex": 0,
                      "height": 24,
                      "width": 24,
                    },
                  ]
                }
                vbHeight={24}
                vbWidth={24}
                width={24}
              >
                <RNSVGGroup
                  fill={null}
                  propList={
                    [
                      "fill",
                    ]
                  }
                >
                  <RNSVGGroup
                    fill={
                      {
                        "payload": 4278190080,
                        "type": 0,
                      }
                    }
                    propList={
                      [
                        "stroke",
                        "strokeWidth",
                        "strokeLinecap",
                        "strokeLinejoin",
                      ]
                    }
                    stroke={
                      {
                        "payload": 4278230182,
                        "type": 0,
                      }
                    }
                    strokeLinecap={1}
                    strokeLinejoin={1}
                    strokeWidth={2}
                  >
                    <RNSVGPath
                      d="M12 20h9"
                      fill={
                        {
                          "payload": 4278190080,
                          "type": 0,
                        }
                      }
                    />
                    <RNSVGPath
                      d="M16.5 3.5a2.121 2.121 0 0 1 3 3L7 19l-4 1 1-4L16.5 3.5z"
                      fill={
                        {
                          "payload": 4278190080,
                          "type": 0,
                        }
                      }
                    />
                  </RNSVGGroup>
                </RNSVGGroup>
              </RNSVGSvgView>
            </View>
            <View
              style={
                {
                  "flex": 1,
                  "minWidth": 0,
                }
              }
            >
              <Text
                maxFontSizeMultiplier={1.3}
                numberOfLines={1}
                style={
                  {
                    "color": "#002B49",
                    "fontFamily": "Figtree_600SemiBold",
                    "fontSize": 19,
                    "fontWeight": "600",
                    "marginBottom": 2,
                  }
                }
              >
                Document Signing
              </Text>
              <Text
                maxFontSizeMultiplier={1.3}
                numberOfLines={1}
                style={
                  {
                    "color": "#545859",
                    "fontFamily": "Figtree_400Regular",
                    "fontSize": 17,
                  }
                }
              >
                Sign electronically
              </Text>
            </View>
            <RNSVGSvgView
              align="xMidYMid"
              bbHeight={19}
              bbWidth={19}
              fill="none"
              focusable={false}
              height={19}
              meetOrSlice={0}
              minX={0}
              minY={0}
              style={
                [
                  {
                    "backgroundColor": "transparent",
                    "borderWidth": 0,
                  },
                  {
                    "flex": 0,
                    "height": 19,
                    "width": 19,
                  },
                ]
              }
              vbHeight={24}
              vbWidth={24}
              width={19}
            >
              <RNSVGGroup
                fill={null}
                propList={
                  [
                    "fill",
                  ]
                }
              >
                <RNSVGGroup
                  fill={
                    {
                      "payload": 4278190080,
                      "type": 0,
                    }
                  }
                  propList={
                    [
                      "stroke",
                      "strokeWidth",
                      "strokeLinecap",
                      "strokeLinejoin",
                    ]
                  }
                  stroke={
                    {
                      "payload": 4283717721,
                      "type": 0,
                    }
                  }
                  strokeLinecap={1}
                  strokeLinejoin={1}
                  strokeWidth={2}
                >
                  <RNSVGPath
                    d="M9 18l6-6-6-6"
                    fill={
                      {
                        "payload": 4278190080,
                        "type": 0,
                      }
                    }
                  />
                </RNSVGGroup>
              </RNSVGGroup>
            </RNSVGSvgView>
          </View>
        </View>
        <View
          accessibilityLabel="Identity Verification"
          accessibilityRole="button"
          accessibilityState={
            {
              "busy": undefined,
              "checked": undefined,
              "disabled": undefined,
              "expanded": undefined,
              "selected": undefined,
            }
          }
          accessibilityValue={
            {
              "max": undefined,
              "min": undefined,
              "now": undefined,
              "text": undefined,
            }
          }
          accessible={true}
          collapsable={false}
          focusable={true}
          onBlur={[Function]}
          onClick={[Function]}
          onFocus={[Function]}
          onResponderGrant={[Function]}
          onResponderMove={[Function]}
          onResponderRelease={[Function]}
          onResponderTerminate={[Function]}
          onResponderTerminationRequest={[Function]}
          onStartShouldSetResponder={[Function]}
          style={
            {
              "backgroundColor": "#FFFFFF",
              "borderColor": "#E1E6E8",
              "borderRadius": 18,
              "borderWidth": 2,
              "marginBottom": 9,
              "padding": 18,
            }
          }
        >
          <View
            style={
              {
                "alignItems": "center",
                "flexDirection": "row",
                "gap": 15,
              }
            }
          >
            <View
              style={
                {
                  "alignItems": "center",
                  "backgroundColor": "#F4F7F8",
                  "borderRadius": 14,
                  "height": 50,
                  "justifyContent": "center",
                  "width": 50,
                }
              }
            >
              <RNSVGSvgView
                align="xMidYMid"
                bbHeight={24}
                bbWidth={24}
                fill="none"
                focusable={false}
                height={24}
                meetOrSlice={0}
                minX={0}
                minY={0}
                style={
                  [
                    {
                      "backgroundColor": "transparent",
                      "borderWidth": 0,
                    },
                    {
                      "flex": 0,
                      "height": 24,
                      "width": 24,
                    },
                  ]
                }
                vbHeight={24}
                vbWidth={24}
                width={24}
              >
                <RNSVGGroup
                  fill={null}
                  propList={
                    [
                      "fill",
                    ]
                  }
                >
                  <RNSVGGroup
                    fill={
                      {
                        "payload": 4278190080,
                        "type": 0,
                      }
                    }
                    propList={
                      [
                        "stroke",
                        "strokeWidth",
                        "strokeLinecap",
                        "strokeLinejoin",
                      ]
                    }
                    stroke={
                      {
                        "payload": 4278230182,
                        "type": 0,
                      }
                    }
                    strokeLinecap={1}
                    strokeLinejoin={1}
                    strokeWidth={2}
                  >
                    <RNSVGPath
                      d="M12 22s8-4 8-10V5l-8-3-8 3v7c0 6 8 10 8 10z"
                      fill={
                        {
                          "payload": 4278190080,
                          "type": 0,
                        }
                      }
                    />
                  </RNSVGGroup>
                </RNSVGGroup>
              </RNSVGSvgView>
            </View>
            <View
              style={
                {
                  "flex": 1,
                  "minWidth": 0,
                }
              }
            >
              <Text
                maxFontSizeMultiplier={1.3}
                numberOfLines={1}
                style={
                  {
                    "color": "#002B49",
                    "fontFamily": "Figtree_600SemiBold",
                    "fontSize": 19,
                    "fontWeight": "600",
                    "marginBottom": 2,
                  }
                }
              >
                Identity Verification
              </Text>
              <Text
                maxFontSizeMultiplier={1.3}
                numberOfLines={1}
                style={
                  {
                    "color": "#545859",
                    "fontFamily": "Figtree_400Regular",
                    "fontSize": 17,
                  }
                }
              >
                AML & KYC status
              </Text>
            </View>
            <RNSVGSvgView
              align="xMidYMid"
              bbHeight={19}
              bbWidth={19}
              fill="none"
              focusable={false}
              height={19}
              meetOrSlice={0}
              minX={0}
              minY={0}
              style={
                [
                  {
                    "backgroundColor": "transparent",
                    "borderWidth": 0,
                  },
                  {
                    "flex": 0,
                    "height": 19,
                    "width": 19,
                  },
                ]
              }
              vbHeight={24}
              vbWidth={24}
              width={19}
            >
              <RNSVGGroup
                fill={null}
                propList={
                  [
                    "fill",
                  ]
                }
              >
                <RNSVGGroup
                  fill={
                    {
                      "payload": 4278190080,
                      "type": 0,
                    }
                  }
                  propList={
                    [
                      "stroke",
                      "strokeWidth",
                      "strokeLinecap",
                      "strokeLinejoin",
                    ]
                  }
                  stroke={
                    {
                      "payload": 4283717721,
                      "type": 0,
                    }
                  }
                  strokeLinecap={1}
                  strokeLinejoin={1}
                  strokeWidth={2}
                >
                  <RNSVGPath
                    d="M9 18l6-6-6-6"
                    fill={
                      {
                        "payload": 4278190080,
                        "type": 0,
                      }
                    }
                  />
                </RNSVGGroup>
              </RNSVGGroup>
            </RNSVGSvgView>
          </View>
        </View>
        <View
          accessibilityLabel="Invoices & Payments"
          accessibilityRole="button"
          accessibilityState={
            {
              "busy": undefined,
              "checked": undefined,
              "disabled": undefined,
              "expanded": undefined,
              "selected": undefined,
            }
          }
          accessibilityValue={
            {
              "max": undefined,
              "min": undefined,
              "now": undefined,
              "text": undefined,
            }
          }
          accessible={true}
          collapsable={false}
          focusable={true}
          onBlur={[Function]}
          onClick={[Function]}
          onFocus={[Function]}
          onResponderGrant={[Function]}
          onResponderMove={[Function]}
          onResponderRelease={[Function]}
          onResponderTerminate={[Function]}
          onResponderTerminationRequest={[Function]}
          onStartShouldSetResponder={[Function]}
          style={
            {
              "backgroundColor": "#FFFFFF",
              "borderColor": "#E1E6E8",
              "borderRadius": 18,
              "borderWidth": 2,
              "marginBottom": 9,
              "padding": 18,
            }
          }
        >
          <View
            style={
              {
                "alignItems": "center",
                "flexDirection": "row",
                "gap": 15,
              }
            }
          >
            <View
              style={
                {
                  "alignItems": "center",
                  "backgroundColor": "#F4F7F8",
                  "borderRadius": 14,
                  "height": 50,
                  "justifyContent": "center",
                  "width": 50,
                }
              }
            >
              <RNSVGSvgView
                align="xMidYMid"
                bbHeight={24}
                bbWidth={24}
                fill="none"
                focusable={false}
                height={24}
                meetOrSlice={0}
                minX={0}
                minY={0}
                style={
                  [
                    {
                      "backgroundColor": "transparent",
                      "borderWidth": 0,
                    },
                    {
                      "flex": 0,
                      "height": 24,
                      "width": 24,
                    },
                  ]
                }
                vbHeight={24}
                vbWidth={24}
                width={24}
              >
                <RNSVGGroup
                  fill={null}
                  propList={
                    [
                      "fill",
                    ]
                  }
                >
                  <RNSVGGroup
                    fill={
                      {
                        "payload": 4278190080,
                        "type": 0,
                      }
                    }
                    propList={
                      [
                        "stroke",
                        "strokeWidth",
                        "strokeLinecap",
                        "strokeLinejoin",
                      ]
                    }
                    stroke={
                      {
                        "payload": 4278230182,
                        "type": 0,
                      }
                    }
                    strokeLinecap={1}
                    strokeLinejoin={1}
                    strokeWidth={2}
                  >
                    <RNSVGPath
                      d="M14 2H6a2 2 0 00-2 2v16a2 2 0 002 2h12a2 2 0 002-2V8z"
                      fill={
                        {
                          "payload": 4278190080,
                          "type": 0,
                        }
                      }
                    />
                    <RNSVGPath
                      d="M14 2 14 8 20 8"
                      fill={
                        {
                          "payload": 4278190080,
                          "type": 0,
                        }
                      }
                    />
                    <RNSVGLine
                      fill={
                        {
                          "payload": 4278190080,
                          "type": 0,
                        }
                      }
                      x1="16"
                      x2="8"
                      y1="13"
                      y2="13"
                    />
                    <RNSVGLine
                      fill={
                        {
                          "payload": 4278190080,
                          "type": 0,
                        }
                      }
                      x1="16"
                      x2="8"
                      y1="17"
                      y2="17"
                    />
                  </RNSVGGroup>
                </RNSVGGroup>
              </RNSVGSvgView>
            </View>
            <View
              style={
                {
                  "flex": 1,
                  "minWidth": 0,
                }
              }
            >
              <Text
                maxFontSizeMultiplier={1.3}
                numberOfLines={1}
                style={
                  {
                    "color": "#002B49",
                    "fontFamily": "Figtree_600SemiBold",
                    "fontSize": 19,
                    "fontWeight": "600",
                    "marginBottom": 2,
                  }
                }
              >
                Invoices & Payments
              </Text>
              <Text
                maxFontSizeMultiplier={1.3}
                numberOfLines={1}
                style={
                  {
                    "color": "#545859",
                    "fontFamily": "Figtree_400Regular",
                    "fontSize": 17,
                  }
                }
              >
                View & pay invoices
              </Text>
            </View>
            <RNSVGSvgView
              align="xMidYMid"
              bbHeight={19}
              bbWidth={19}
              fill="none"
              focusable={false}
              height={19}
              meetOrSlice={0}
              minX={0}
              minY={0}
              style={
                [
                  {
                    "backgroundColor": "transparent",
                    "borderWidth": 0,
                  },
                  {
                    "flex": 0,
                    "height": 19,
                    "width": 19,
                  },
                ]
              }
              vbHeight={24}
              vbWidth={24}
              width={19}
            >
              <RNSVGGroup
                fill={null}
                propList={
                  [
                    "fill",
                  ]
                }
              >
                <RNSVGGroup
                  fill={
                    {
                      "payload": 4278190080,
                      "type": 0,
                    }
                  }
                  propList={
                    [
                      "stroke",
                      "strokeWidth",
                      "strokeLinecap",
                      "strokeLinejoin",
                    ]
                  }
                  stroke={
                    {
                      "payload": 4283717721,
                      "type": 0,
                    }
                  }
                  strokeLinecap={1}
                  strokeLinejoin={1}
                  strokeWidth={2}
                >
                  <RNSVGPath
                    d="M9 18l6-6-6-6"
                    fill={
                      {
                        "payload": 4278190080,
                        "type": 0,
                      }
                    }
                  />
                </RNSVGGroup>
              </RNSVGGroup>
            </RNSVGSvgView>
          </View>
        </View>
        <View
          accessibilityLabel="Meetings & Calls"
          accessibilityRole="button"
          accessibilityState={
            {
              "busy": undefined,
              "checked": undefined,
              "disabled": undefined,
              "expanded": undefined,
              "selected": undefined,
            }
          }
          accessibilityValue={
            {
              "max": undefined,
              "min": undefined,
              "now": undefined,
              "text": undefined,
            }
          }
          accessible={true}
          collapsable={false}
          focusable={true}
          onBlur={[Function]}
          onClick={[Function]}
          onFocus={[Function]}
          onResponderGrant={[Function]}
          onResponderMove={[Function]}
          onResponderRelease={[Function]}
          onResponderTerminate={[Function]}
          onResponderTerminationRequest={[Function]}
          onStartShouldSetResponder={[Function]}
          style={
            {
              "backgroundColor": "#FFFFFF",
              "borderColor": "#E1E6E8",
              "borderRadius": 18,
              "borderWidth": 2,
              "marginBottom": 9,
              "padding": 18,
            }
          }
        >
          <View
            style={
              {
                "alignItems": "center",
                "flexDirection": "row",
                "gap": 15,
              }
            }
          >
            <View
              style={
                {
                  "alignItems": "center",
                  "backgroundColor": "#F4F7F8",
                  "borderRadius": 14,
                  "height": 50,
                  "justifyContent": "center",
                  "width": 50,
                }
              }
            >
              <RNSVGSvgView
                align="xMidYMid"
                bbHeight={24}
                bbWidth={24}
                fill="none"
                focusable={false}
                height={24}
                meetOrSlice={0}
                minX={0}
                minY={0}
                style={
                  [
                    {
                      "backgroundColor": "transparent",
                      "borderWidth": 0,
                    },
                    {
                      "flex": 0,
                      "height": 24,
                      "width": 24,
                    },
                  ]
                }
                vbHeight={24}
                vbWidth={24}
                width={24}
              >
                <RNSVGGroup
                  fill={null}
                  propList={
                    [
                      "fill",
                    ]
                  }
                >
                  <RNSVGGroup
                    fill={
                      {
                        "payload": 4278190080,
                        "type": 0,
                      }
                    }
                    propList={
                      [
                        "stroke",
                        "strokeWidth",
                        "strokeLinecap",
                        "strokeLinejoin",
                      ]
                    }
                    stroke={
                      {
                        "payload": 4278230182,
                        "type": 0,
                      }
                    }
                    strokeLinecap={1}
                    strokeLinejoin={1}
                    strokeWidth={2}
                  >
                    <RNSVGRect
                      fill={
                        {
                          "payload": 4278190080,
                          "type": 0,
                        }
                      }
                      height="18"
                      rx="2"
                      ry="2"
                      width="18"
                      x="3"
                      y="4"
                    />
                    <RNSVGLine
                      fill={
                        {
                          "payload": 4278190080,
                          "type": 0,
                        }
                      }
                      x1="16"
                      x2="16"
                      y1="2"
                      y2="6"
                    />
                    <RNSVGLine
                      fill={
                        {
                          "payload": 4278190080,
                          "type": 0,
                        }
                      }
                      x1="8"
                      x2="8"
                      y1="2"
                      y2="6"
                    />
                    <RNSVGLine
                      fill={
                        {
                          "payload": 4278190080,
                          "type": 0,
                        }
                      }
                      x1="3"
                      x2="21"
                      y1="10"
                      y2="10"
                    />
                  </RNSVGGroup>
                </RNSVGGroup>
              </RNSVGSvgView>
            </View>
            <View
              style={
                {
                  "flex": 1,
                  "minWidth": 0,
                }
              }
            >
              <Text
                maxFontSizeMultiplier={1.3}
                numberOfLines={1}
                style={
                  {
                    "color": "#002B49",
                    "fontFamily": "Figtree_600SemiBold",
                    "fontSize": 19,
                    "fontWeight": "600",
                    "marginBottom": 2,
                  }
                }
              >
                Meetings & Calls
              </Text>
              <Text
                maxFontSizeMultiplier={1.3}
                numberOfLines={1}
                style={
                  {
                    "color": "#545859",
                    "fontFamily": "Figtree_400Regular",
                    "fontSize": 17,
                  }
                }
              >
                Book & manage meetings
              </Text>
            </View>
            <RNSVGSvgView
              align="xMidYMid"
              bbHeight={19}
              bbWidth={19}
              fill="none"
              focusable={false}
              height={19}
              meetOrSlice={0}
              minX={0}
              minY={0}
              style={
                [
                  {
                    "backgroundColor": "transparent",
                    "borderWidth": 0,
                  },
                  {
                    "flex": 0,
                    "height": 19,
                    "width": 19,
                  },
                ]
              }
              vbHeight={24}
              vbWidth={24}
              width={19}
            >
              <RNSVGGroup
                fill={null}
                propList={
                  [
                    "fill",
                  ]
                }
              >
                <RNSVGGroup
                  fill={
                    {
                      "payload": 4278190080,
                      "type": 0,
                    }
                  }
                  propList={
                    [
                      "stroke",
                      "strokeWidth",
                      "strokeLinecap",
                      "strokeLinejoin",
                    ]
                  }
                  stroke={
                    {
                      "payload": 4283717721,
                      "type": 0,
                    }
                  }
                  strokeLinecap={1}
                  strokeLinejoin={1}
                  strokeWidth={2}
                >
                  <RNSVGPath
                    d="M9 18l6-6-6-6"
                    fill={
                      {
                        "payload": 4278190080,
                        "type": 0,
                      }
                    }
                  />
                </RNSVGGroup>
              </RNSVGGroup>
            </RNSVGSvgView>
          </View>
        </View>
        <View
          accessibilityLabel="Outstanding Items"
          accessibilityRole="button"
          accessibilityState={
            {
              "busy": undefined,
              "checked": undefined,
              "disabled": undefined,
              "expanded": undefined,
              "selected": undefined,
            }
          }
          accessibilityValue={
            {
              "max": undefined,
              "min": undefined,
              "now": undefined,
              "text": undefined,
            }
          }
          accessible={true}
          collapsable={false}
          focusable={true}
          onBlur={[Function]}
          onClick={[Function]}
          onFocus={[Function]}
          onResponderGrant={[Function]}
          onResponderMove={[Function]}
          onResponderRelease={[Function]}
          onResponderTerminate={[Function]}
          onResponderTerminationRequest={[Function]}
          onStartShouldSetResponder={[Function]}
          style={
            {
              "backgroundColor": "#FFFFFF",
              "borderColor": "#E1E6E8",
              "borderRadius": 18,
              "borderWidth": 2,
              "marginBottom": 9,
              "padding": 18,
            }
          }
        >
          <View
            style={
              {
                "alignItems": "center",
                "flexDirection": "row",
                "gap": 15,
              }
            }
          >
            <View
              style={
                {
                  "alignItems": "center",
                  "backgroundColor": "#F4F7F8",
                  "borderRadius": 14,
                  "height": 50,
                  "justifyContent": "center",
                  "width": 50,
                }
              }
            >
              <RNSVGSvgView
                align="xMidYMid"
                bbHeight={24}
                bbWidth={24}
                fill="none"
                focusable={false}
                height={24}
                meetOrSlice={0}
                minX={0}
                minY={0}
                style={
                  [
                    {
                      "backgroundColor": "transparent",
                      "borderWidth": 0,
                    },
                    {
                      "flex": 0,
                      "height": 24,
                      "width": 24,
                    },
                  ]
                }
                vbHeight={24}
                vbWidth={24}
                width={24}
              >
                <RNSVGGroup
                  fill={null}
                  propList={
                    [
                      "fill",
                    ]
                  }
                >
                  <RNSVGGroup
                    fill={
                      {
                        "payload": 4278190080,
                        "type": 0,
                      }
                    }
                    propList={
                      [
                        "stroke",
                        "strokeWidth",
                        "strokeLinecap",
                        "strokeLinejoin",
                      ]
                    }
                    stroke={
                      {
                        "payload": 4278230182,
                        "type": 0,
                      }
                    }
                    strokeLinecap={1}
                    strokeLinejoin={1}
                    strokeWidth={2}
                  >
                    <RNSVGPath
                      d="M9 11l3 3L22 4"
                      fill={
                        {
                          "payload": 4278190080,
                          "type": 0,
                        }
                      }
                    />
                    <RNSVGPath
                      d="M21 12v7a2 2 0 01-2 2H5a2 2 0 01-2-2V5a2 2 0 012-2h11"
                      fill={
                        {
                          "payload": 4278190080,
                          "type": 0,
                        }
                      }
                    />
                  </RNSVGGroup>
                </RNSVGGroup>
              </RNSVGSvgView>
            </View>
            <View
              style={
                {
                  "flex": 1,
                  "minWidth": 0,
                }
              }
            >
              <Text
                maxFontSizeMultiplier={1.3}
                numberOfLines={1}
                style={
                  {
                    "color": "#002B49",
                    "fontFamily": "Figtree_600SemiBold",
                    "fontSize": 19,
                    "fontWeight": "600",
                    "marginBottom": 2,
                  }
                }
              >
                Outstanding Items
              </Text>
              <Text
                maxFontSizeMultiplier={1.3}
                numberOfLines={1}
                style={
                  {
                    "color": "#545859",
                    "fontFamily": "Figtree_400Regular",
                    "fontSize": 17,
                  }
                }
              >
                Documents checklist
              </Text>
            </View>
            <RNSVGSvgView
              align="xMidYMid"
              bbHeight={19}
              bbWidth={19}
              fill="none"
              focusable={false}
              height={19}
              meetOrSlice={0}
              minX={0}
              minY={0}
              style={
                [
                  {
                    "backgroundColor": "transparent",
                    "borderWidth": 0,
                  },
                  {
                    "flex": 0,
                    "height": 19,
                    "width": 19,
                  },
                ]
              }
              vbHeight={24}
              vbWidth={24}
              width={19}
            >
              <RNSVGGroup
                fill={null}
                propList={
                  [
                    "fill",
                  ]
                }
              >
                <RNSVGGroup
                  fill={
                    {
                      "payload": 4278190080,
                      "type": 0,
                    }
                  }
                  propList={
                    [
                      "stroke",
                      "strokeWidth",
                      "strokeLinecap",
                      "strokeLinejoin",
                    ]
                  }
                  stroke={
                    {
                      "payload": 4283717721,
                      "type": 0,
                    }
                  }
                  strokeLinecap={1}
                  strokeLinejoin={1}
                  strokeWidth={2}
                >
                  <RNSVGPath
                    d="M9 18l6-6-6-6"
                    fill={
                      {
                        "payload": 4278190080,
                        "type": 0,
                      }
                    }
                  />
                </RNSVGGroup>
              </RNSVGGroup>
            </RNSVGSvgView>
          </View>
        </View>
        <View
          accessibilityLabel="Your ifac Team"
          accessibilityRole="button"
          accessibilityState={
            {
              "busy": undefined,
              "checked": undefined,
              "disabled": undefined,
              "expanded": undefined,
              "selected": undefined,
            }
          }
          accessibilityValue={
            {
              "max": undefined,
              "min": undefined,
              "now": undefined,
              "text": undefined,
            }
          }
          accessible={true}
          collapsable={false}
          focusable={true}
          onBlur={[Function]}
          onClick={[Function]}
          onFocus={[Function]}
          onResponderGrant={[Function]}
          onResponderMove={[Function]}
          onResponderRelease={[Function]}
          onResponderTerminate={[Function]}
          onResponderTerminationRequest={[Function]}
          onStartShouldSetResponder={[Function]}
          style={
            {
              "backgroundColor": "#FFFFFF",
              "borderColor": "#E1E6E8",
              "borderRadius": 18,
              "borderWidth": 2,
              "marginBottom": 9,
              "padding": 18,
            }
          }
        >
          <View
            style={
              {
                "alignItems": "center",
                "flexDirection": "row",
                "gap": 15,
              }
            }
          >
            <View
              style={
                {
                  "alignItems": "center",
                  "backgroundColor": "#F4F7F8",
                  "borderRadius": 14,
                  "height": 50,
                  "justifyContent": "center",
                  "width": 50,
                }
              }
            >
              <RNSVGSvgView
                align="xMidYMid"
                bbHeight={24}
                bbWidth={24}
                fill="none"
                focusable={false}
                height={24}
                meetOrSlice={0}
                minX={0}
                minY={0}
                style={
                  [
                    {
                      "backgroundColor": "transparent",
                      "borderWidth": 0,
                    },
                    {
                      "flex": 0,
                      "height": 24,
                      "width": 24,
                    },
                  ]
                }
                vbHeight={24}
                vbWidth={24}
                width={24}
              >
                <RNSVGGroup
                  fill={null}
                  propList={
                    [
                      "fill",
                    ]
                  }
                >
                  <RNSVGGroup
                    fill={
                      {
                        "payload": 4278190080,
                        "type": 0,
                      }
                    }
                    propList={
                      [
                        "stroke",
                        "strokeWidth",
                        "strokeLinecap",
                        "strokeLinejoin",
                      ]
                    }
                    stroke={
                      {
                        "payload": 4278230182,
                        "type": 0,
                      }
                    }
                    strokeLinecap={1}
                    strokeLinejoin={1}
                    strokeWidth={2}
                  >
                    <RNSVGPath
                      d="M17 21v-2a4 4 0 00-4-4H5a4 4 0 00-4 4v2"
                      fill={
                        {
                          "payload": 4278190080,
                          "type": 0,
                        }
                      }
                    />
                    <RNSVGCircle
                      cx="9"
                      cy="7"
                      fill={
                        {
                          "payload": 4278190080,
                          "type": 0,
                        }
                      }
                      r="4"
                    />
                    <RNSVGPath
                      d="M23 21v-2a4 4 0 00-3-3.87"
                      fill={
                        {
                          "payload": 4278190080,
                          "type": 0,
                        }
                      }
                    />
                    <RNSVGPath
                      d="M16 3.13a4 4 0 010 7.75"
                      fill={
                        {
                          "payload": 4278190080,
                          "type": 0,
                        }
                      }
                    />
                  </RNSVGGroup>
                </RNSVGGroup>
              </RNSVGSvgView>
            </View>
            <View
              style={
                {
                  "flex": 1,
                  "minWidth": 0,
                }
              }
            >
              <Text
                maxFontSizeMultiplier={1.3}
                numberOfLines={1}
                style={
                  {
                    "color": "#002B49",
                    "fontFamily": "Figtree_600SemiBold",
                    "fontSize": 19,
                    "fontWeight": "600",
                    "marginBottom": 2,
                  }
                }
              >
                Your ifac Team
              </Text>
              <Text
                maxFontSizeMultiplier={1.3}
                numberOfLines={1}
                style={
                  {
                    "color": "#545859",
                    "fontFamily": "Figtree_400Regular",
                    "fontSize": 17,
                  }
                }
              >
                Your assigned advisors
              </Text>
            </View>
            <RNSVGSvgView
              align="xMidYMid"
              bbHeight={19}
              bbWidth={19}
              fill="none"
              focusable={false}
              height={19}
              meetOrSlice={0}
              minX={0}
              minY={0}
              style={
                [
                  {
                    "backgroundColor": "transparent",
                    "borderWidth": 0,
                  },
                  {
                    "flex": 0,
                    "height": 19,
                    "width": 19,
                  },
                ]
              }
              vbHeight={24}
              vbWidth={24}
              width={19}
            >
              <RNSVGGroup
                fill={null}
                propList={
                  [
                    "fill",
                  ]
                }
              >
                <RNSVGGroup
                  fill={
                    {
                      "payload": 4278190080,
                      "type": 0,
                    }
                  }
                  propList={
                    [
                      "stroke",
                      "strokeWidth",
                      "strokeLinecap",
                      "strokeLinejoin",
                    ]
                  }
                  stroke={
                    {
                      "payload": 4283717721,
                      "type": 0,
                    }
                  }
                  strokeLinecap={1}
                  strokeLinejoin={1}
                  strokeWidth={2}
                >
                  <RNSVGPath
                    d="M9 18l6-6-6-6"
                    fill={
                      {
                        "payload": 4278190080,
                        "type": 0,
                      }
                    }
                  />
                </RNSVGGroup>
              </RNSVGGroup>
            </RNSVGSvgView>
          </View>
        </View>
        <View
          accessibilityLabel="ifac Services"
          accessibilityRole="button"
          accessibilityState={
            {
              "busy": undefined,
              "checked": undefined,
              "disabled": undefined,
              "expanded": undefined,
              "selected": undefined,
            }
          }
          accessibilityValue={
            {
              "max": undefined,
              "min": undefined,
              "now": undefined,
              "text": undefined,
            }
          }
          accessible={true}
          collapsable={false}
          focusable={true}
          onBlur={[Function]}
          onClick={[Function]}
          onFocus={[Function]}
          onResponderGrant={[Function]}
          onResponderMove={[Function]}
          onResponderRelease={[Function]}
          onResponderTerminate={[Function]}
          onResponderTerminationRequest={[Function]}
          onStartShouldSetResponder={[Function]}
          style={
            {
              "backgroundColor": "#FFFFFF",
              "borderColor": "#E1E6E8",
              "borderRadius": 18,
              "borderWidth": 2,
              "marginBottom": 9,
              "padding": 18,
            }
          }
        >
          <View
            style={
              {
                "alignItems": "center",
                "flexDirection": "row",
                "gap": 15,
              }
            }
          >
            <View
              style={
                {
                  "alignItems": "center",
                  "backgroundColor": "#F4F7F8",
                  "borderRadius": 14,
                  "height": 50,
                  "justifyContent": "center",
                  "width": 50,
                }
              }
            >
              <RNSVGSvgView
                align="xMidYMid"
                bbHeight={24}
                bbWidth={24}
                fill="none"
                focusable={false}
                height={24}
                meetOrSlice={0}
                minX={0}
                minY={0}
                style={
                  [
                    {
                      "backgroundColor": "transparent",
                      "borderWidth": 0,
                    },
                    {
                      "flex": 0,
                      "height": 24,
                      "width": 24,
                    },
                  ]
                }
                vbHeight={24}
                vbWidth={24}
                width={24}
              >
                <RNSVGGroup
                  fill={null}
                  propList={
                    [
                      "fill",
                    ]
                  }
                >
                  <RNSVGGroup
                    fill={
                      {
                        "payload": 4278190080,
                        "type": 0,
                      }
                    }
                    propList={
                      [
                        "stroke",
                        "strokeWidth",
                        "strokeLinecap",
                        "strokeLinejoin",
                      ]
                    }
                    stroke={
                      {
                        "payload": 4278230182,
                        "type": 0,
                      }
                    }
                    strokeLinecap={1}
                    strokeLinejoin={1}
                    strokeWidth={2}
                  >
                    <RNSVGRect
                      fill={
                        {
                          "payload": 4278190080,
                          "type": 0,
                        }
                      }
                      height="14"
                      rx="2"
                      ry="2"
                      width="20"
                      x="2"
                      y="7"
                    />
                    <RNSVGPath
                      d="M16 21V5a2 2 0 00-2-2h-4a2 2 0 00-2 2v16"
                      fill={
                        {
                          "payload": 4278190080,
                          "type": 0,
                        }
                      }
                    />
                  </RNSVGGroup>
                </RNSVGGroup>
              </RNSVGSvgView>
            </View>
            <View
              style={
                {
                  "flex": 1,
                  "minWidth": 0,
                }
              }
            >
              <Text
                maxFontSizeMultiplier={1.3}
                numberOfLines={1}
                style={
                  {
                    "color": "#002B49",
                    "fontFamily": "Figtree_600SemiBold",
                    "fontSize": 19,
                    "fontWeight": "600",
                    "marginBottom": 2,
                  }
                }
              >
                ifac Services
              </Text>
              <Text
                maxFontSizeMultiplier={1.3}
                numberOfLines={1}
                style={
                  {
                    "color": "#545859",
                    "fontFamily": "Figtree_400Regular",
                    "fontSize": 17,
                  }
                }
              >
                Our full range
              </Text>
            </View>
            <RNSVGSvgView
              align="xMidYMid"
              bbHeight={19}
              bbWidth={19}
              fill="none"
              focusable={false}
              height={19}
              meetOrSlice={0}
              minX={0}
              minY={0}
              style={
                [
                  {
                    "backgroundColor": "transparent",
                    "borderWidth": 0,
                  },
                  {
                    "flex": 0,
                    "height": 19,
                    "width": 19,
                  },
                ]
              }
              vbHeight={24}
              vbWidth={24}
              width={19}
            >
              <RNSVGGroup
                fill={null}
                propList={
                  [
                    "fill",
                  ]
                }
              >
                <RNSVGGroup
                  fill={
                    {
                      "payload": 4278190080,
                      "type": 0,
                    }
                  }
                  propList={
                    [
                      "stroke",
                      "strokeWidth",
                      "strokeLinecap",
                      "strokeLinejoin",
                    ]
                  }
                  stroke={
                    {
                      "payload": 4283717721,
                      "type": 0,
                    }
                  }
                  strokeLinecap={1}
                  strokeLinejoin={1}
                  strokeWidth={2}
                >
                  <RNSVGPath
                    d="M9 18l6-6-6-6"
                    fill={
                      {
                        "payload": 4278190080,
                        "type": 0,
                      }
                    }
                  />
                </RNSVGGroup>
              </RNSVGGroup>
            </RNSVGSvgView>
          </View>
        </View>
        <View
          accessibilityLabel="Data Feeds"
          accessibilityRole="button"
          accessibilityState={
            {
              "busy": undefined,
              "checked": undefined,
              "disabled": undefined,
              "expanded": undefined,
              "selected": undefined,
            }
          }
          accessibilityValue={
            {
              "max": undefined,
              "min": undefined,
              "now": undefined,
              "text": undefined,
            }
          }
          accessible={true}
          collapsable={false}
          focusable={true}
          onBlur={[Function]}
          onClick={[Function]}
          onFocus={[Function]}
          onResponderGrant={[Function]}
          onResponderMove={[Function]}
          onResponderRelease={[Function]}
          onResponderTerminate={[Function]}
          onResponderTerminationRequest={[Function]}
          onStartShouldSetResponder={[Function]}
          style={
            {
              "backgroundColor": "#FFFFFF",
              "borderColor": "#E1E6E8",
              "borderRadius": 18,
              "borderWidth": 2,
              "marginBottom": 9,
              "padding": 18,
            }
          }
        >
          <View
            style={
              {
                "alignItems": "center",
                "flexDirection": "row",
                "gap": 15,
              }
            }
          >
            <View
              style={
                {
                  "alignItems": "center",
                  "backgroundColor": "#F4F7F8",
                  "borderRadius": 14,
                  "height": 50,
                  "justifyContent": "center",
                  "width": 50,
                }
              }
            >
              <RNSVGSvgView
                align="xMidYMid"
                bbHeight={24}
                bbWidth={24}
                fill="none"
                focusable={false}
                height={24}
                meetOrSlice={0}
                minX={0}
                minY={0}
                style={
                  [
                    {
                      "backgroundColor": "transparent",
                      "borderWidth": 0,
                    },
                    {
                      "flex": 0,
                      "height": 24,
                      "width": 24,
                    },
                  ]
                }
                vbHeight={24}
                vbWidth={24}
                width={24}
              >
                <RNSVGGroup
                  fill={null}
                  propList={
                    [
                      "fill",
                    ]
                  }
                >
                  <RNSVGGroup
                    fill={
                      {
                        "payload": 4278190080,
                        "type": 0,
                      }
                    }
                    propList={
                      [
                        "stroke",
                        "strokeWidth",
                        "strokeLinecap",
                        "strokeLinejoin",
                      ]
                    }
                    stroke={
                      {
                        "payload": 4278230182,
                        "type": 0,
                      }
                    }
                    strokeLinecap={1}
                    strokeLinejoin={1}
                    strokeWidth={2}
                  >
                    <RNSVGEllipse
                      cx="12"
                      cy="5"
                      fill={
                        {
                          "payload": 4278190080,
                          "type": 0,
                        }
                      }
                      rx="9"
                      ry="3"
                    />
                    <RNSVGPath
                      d="M21 12c0 1.66-4 3-9 3s-9-1.34-9-3"
                      fill={
                        {
                          "payload": 4278190080,
                          "type": 0,
                        }
                      }
                    />
                    <RNSVGPath
                      d="M3 5v14c0 1.66 4 3 9 3s9-1.34 9-3V5"
                      fill={
                        {
                          "payload": 4278190080,
                          "type": 0,
                        }
                      }
                    />
                  </RNSVGGroup>
                </RNSVGGroup>
              </RNSVGSvgView>
            </View>
            <View
              style={
                {
                  "flex": 1,
                  "minWidth": 0,
                }
              }
            >
              <Text
                maxFontSizeMultiplier={1.3}
                numberOfLines={1}
                style={
                  {
                    "color": "#002B49",
                    "fontFamily": "Figtree_600SemiBold",
                    "fontSize": 19,
                    "fontWeight": "600",
                    "marginBottom": 2,
                  }
                }
              >
                Data Feeds
              </Text>
              <Text
                maxFontSizeMultiplier={1.3}
                numberOfLines={1}
                style={
                  {
                    "color": "#545859",
                    "fontFamily": "Figtree_400Regular",
                    "fontSize": 17,
                  }
                }
              >
                Co-op & mart integrations
              </Text>
            </View>
            <RNSVGSvgView
              align="xMidYMid"
              bbHeight={19}
              bbWidth={19}
              fill="none"
              focusable={false}
              height={19}
              meetOrSlice={0}
              minX={0}
              minY={0}
              style={
                [
                  {
                    "backgroundColor": "transparent",
                    "borderWidth": 0,
                  },
                  {
                    "flex": 0,
                    "height": 19,
                    "width": 19,
                  },
                ]
              }
              vbHeight={24}
              vbWidth={24}
              width={19}
            >
              <RNSVGGroup
                fill={null}
                propList={
                  [
                    "fill",
                  ]
                }
              >
                <RNSVGGroup
                  fill={
                    {
                      "payload": 4278190080,
                      "type": 0,
                    }
                  }
                  propList={
                    [
                      "stroke",
                      "strokeWidth",
                      "strokeLinecap",
                      "strokeLinejoin",
                    ]
                  }
                  stroke={
                    {
                      "payload": 4283717721,
                      "type": 0,
                    }
                  }
                  strokeLinecap={1}
                  strokeLinejoin={1}
                  strokeWidth={2}
                >
                  <RNSVGPath
                    d="M9 18l6-6-6-6"
                    fill={
                      {
                        "payload": 4278190080,
                        "type": 0,
                      }
                    }
                  />
                </RNSVGGroup>
              </RNSVGGroup>
            </RNSVGSvgView>
          </View>
        </View>
        <View
          accessibilityLabel="Quick Links"
          accessibilityRole="button"
          accessibilityState={
            {
              "busy": undefined,
              "checked": undefined,
              "disabled": undefined,
              "expanded": undefined,
              "selected": undefined,
            }
          }
          accessibilityValue={
            {
              "max": undefined,
              "min": undefined,
              "now": undefined,
              "text": undefined,
            }
          }
          accessible={true}
          collapsable={false}
          focusable={true}
          onBlur={[Function]}
          onClick={[Function]}
          onFocus={[Function]}
          onResponderGrant={[Function]}
          onResponderMove={[Function]}
          onResponderRelease={[Function]}
          onResponderTerminate={[Function]}
          onResponderTerminationRequest={[Function]}
          onStartShouldSetResponder={[Function]}
          style={
            {
              "backgroundColor": "#FFFFFF",
              "borderColor": "#E1E6E8",
              "borderRadius": 18,
              "borderWidth": 2,
              "marginBottom": 9,
              "padding": 18,
            }
          }
        >
          <View
            style={
              {
                "alignItems": "center",
                "flexDirection": "row",
                "gap": 15,
              }
            }
          >
            <View
              style={
                {
                  "alignItems": "center",
                  "backgroundColor": "#F4F7F8",
                  "borderRadius": 14,
                  "height": 50,
                  "justifyContent": "center",
                  "width": 50,
                }
              }
            >
              <RNSVGSvgView
                align="xMidYMid"
                bbHeight={24}
                bbWidth={24}
                fill="none"
                focusable={false}
                height={24}
                meetOrSlice={0}
                minX={0}
                minY={0}
                style={
                  [
                    {
                      "backgroundColor": "transparent",
                      "borderWidth": 0,
                    },
                    {
                      "flex": 0,
                      "height": 24,
                      "width": 24,
                    },
                  ]
                }
                vbHeight={24}
                vbWidth={24}
                width={24}
              >
                <RNSVGGroup
                  fill={null}
                  propList={
                    [
                      "fill",
                    ]
                  }
                >
                  <RNSVGGroup
                    fill={
                      {
                        "payload": 4278190080,
                        "type": 0,
                      }
                    }
                    propList={
                      [
                        "stroke",
                        "strokeWidth",
                        "strokeLinecap",
                        "strokeLinejoin",
                      ]
                    }
                    stroke={
                      {
                        "payload": 4278230182,
                        "type": 0,
                      }
                    }
                    strokeLinecap={1}
                    strokeLinejoin={1}
                    strokeWidth={2}
                  >
                    <RNSVGPath
                      d="M10 13a5 5 0 007.54.54l3-3a5 5 0 00-7.07-7.07l-1.72 1.71"
                      fill={
                        {
                          "payload": 4278190080,
                          "type": 0,
                        }
                      }
                    />
                    <RNSVGPath
                      d="M14 11a5 5 0 00-7.54-.54l-3 3a5 5 0 007.07 7.07l1.71-1.71"
                      fill={
                        {
                          "payload": 4278190080,
                          "type": 0,
                        }
                      }
                    />
                  </RNSVGGroup>
                </RNSVGGroup>
              </RNSVGSvgView>
            </View>
            <View
              style={
                {
                  "flex": 1,
                  "minWidth": 0,
                }
              }
            >
              <Text
                maxFontSizeMultiplier={1.3}
                numberOfLines={1}
                style={
                  {
                    "color": "#002B49",
                    "fontFamily": "Figtree_600SemiBold",
                    "fontSize": 19,
                    "fontWeight": "600",
                    "marginBottom": 2,
                  }
                }
              >
                Quick Links
              </Text>
              <Text
                maxFontSizeMultiplier={1.3}
                numberOfLines={1}
                style={
                  {
                    "color": "#545859",
                    "fontFamily": "Figtree_400Regular",
                    "fontSize": 17,
                  }
                }
              >
                FarmPro, Bright & more
              </Text>
            </View>
            <RNSVGSvgView
              align="xMidYMid"
              bbHeight={19}
              bbWidth={19}
              fill="none"
              focusable={false}
              height={19}
              meetOrSlice={0}
              minX={0}
              minY={0}
              style={
                [
                  {
                    "backgroundColor": "transparent",
                    "borderWidth": 0,
                  },
                  {
                    "flex": 0,
                    "height": 19,
                    "width": 19,
                  },
                ]
              }
              vbHeight={24}
              vbWidth={24}
              width={19}
            >
              <RNSVGGroup
                fill={null}
                propList={
                  [
                    "fill",
                  ]
                }
              >
                <RNSVGGroup
                  fill={
                    {
                      "payload": 4278190080,
                      "type": 0,
                    }
                  }
                  propList={
                    [
                      "stroke",
                      "strokeWidth",
                      "strokeLinecap",
                      "strokeLinejoin",
                    ]
                  }
                  stroke={
                    {
                      "payload": 4283717721,
                      "type": 0,
                    }
                  }
                  strokeLinecap={1}
                  strokeLinejoin={1}
                  strokeWidth={2}
                >
                  <RNSVGPath
                    d="M9 18l6-6-6-6"
                    fill={
                      {
                        "payload": 4278190080,
                        "type": 0,
                      }
                    }
                  />
                </RNSVGGroup>
              </RNSVGGroup>
            </RNSVGSvgView>
          </View>
        </View>
        <View
          accessibilityLabel="Notifications"
          accessibilityRole="button"
          accessibilityState={
            {
              "busy": undefined,
              "checked": undefined,
              "disabled": undefined,
              "expanded": undefined,
              "selected": undefined,
            }
          }
          accessibilityValue={
            {
              "max": undefined,
              "min": undefined,
              "now": undefined,
              "text": undefined,
            }
          }
          accessible={true}
          collapsable={false}
          focusable={true}
          onBlur={[Function]}
          onClick={[Function]}
          onFocus={[Function]}
          onResponderGrant={[Function]}
          onResponderMove={[Function]}
          onResponderRelease={[Function]}
          onResponderTerminate={[Function]}
          onResponderTerminationRequest={[Function]}
          onStartShouldSetResponder={[Function]}
          style={
            {
              "backgroundColor": "#FFFFFF",
              "borderColor": "#E1E6E8",
              "borderRadius": 18,
              "borderWidth": 2,
              "marginBottom": 9,
              "padding": 18,
            }
          }
        >
          <View
            style={
              {
                "alignItems": "center",
                "flexDirection": "row",
                "gap": 15,
              }
            }
          >
            <View
              style={
                {
                  "alignItems": "center",
                  "backgroundColor": "#F4F7F8",
                  "borderRadius": 14,
                  "height": 50,
                  "justifyContent": "center",
                  "width": 50,
                }
              }
            >
              <RNSVGSvgView
                align="xMidYMid"
                bbHeight={24}
                bbWidth={24}
                fill="none"
                focusable={false}
                height={24}
                meetOrSlice={0}
                minX={0}
                minY={0}
                style={
                  [
                    {
                      "backgroundColor": "transparent",
                      "borderWidth": 0,
                    },
                    {
                      "flex": 0,
                      "height": 24,
                      "width": 24,
                    },
                  ]
                }
                vbHeight={24}
                vbWidth={24}
                width={24}
              >
                <RNSVGGroup
                  fill={null}
                  propList={
                    [
                      "fill",
                    ]
                  }
                >
                  <RNSVGGroup
                    fill={
                      {
                        "payload": 4278190080,
                        "type": 0,
                      }
                    }
                    propList={
                      [
                        "stroke",
                        "strokeWidth",
                        "strokeLinecap",
                        "strokeLinejoin",
                      ]
                    }
                    stroke={
                      {
                        "payload": 4278230182,
                        "type": 0,
                      }
                    }
                    strokeLinecap={1}
                    strokeLinejoin={1}
                    strokeWidth={2}
                  >
                    <RNSVGPath
                      d="M18 8A6 6 0 0 0 6 8c0 7-3 9-3 9h18s-3-2-3-9"
                      fill={
                        {
                          "payload": 4278190080,
                          "type": 0,
                        }
                      }
                    />
                    <RNSVGPath
                      d="M13.73 21a2 2 0 0 1-3.46 0"
                      fill={
                        {
                          "payload": 4278190080,
                          "type": 0,
                        }
                      }
                    />
                  </RNSVGGroup>
                </RNSVGGroup>
              </RNSVGSvgView>
            </View>
            <View
              style={
                {
                  "flex": 1,
                  "minWidth": 0,
                }
              }
            >
              <Text
                maxFontSizeMultiplier={1.3}
                numberOfLines={1}
                style={
                  {
                    "color": "#002B49",
                    "fontFamily": "Figtree_600SemiBold",
                    "fontSize": 19,
                    "fontWeight": "600",
                    "marginBottom": 2,
                  }
                }
              >
                Notifications
              </Text>
              <Text
                maxFontSizeMultiplier={1.3}
                numberOfLines={1}
                style={
                  {
                    "color": "#545859",
                    "fontFamily": "Figtree_400Regular",
                    "fontSize": 17,
                  }
                }
              >
                All notifications
              </Text>
            </View>
            <RNSVGSvgView
              align="xMidYMid"
              bbHeight={19}
              bbWidth={19}
              fill="none"
              focusable={false}
              height={19}
              meetOrSlice={0}
              minX={0}
              minY={0}
              style={
                [
                  {
                    "backgroundColor": "transparent",
                    "borderWidth": 0,
                  },
                  {
                    "flex": 0,
                    "height": 19,
                    "width": 19,
                  },
                ]
              }
              vbHeight={24}
              vbWidth={24}
              width={19}
            >
              <RNSVGGroup
                fill={null}
                propList={
                  [
                    "fill",
                  ]
                }
              >
                <RNSVGGroup
                  fill={
                    {
                      "payload": 4278190080,
                      "type": 0,
                    }
                  }
                  propList={
                    [
                      "stroke",
                      "strokeWidth",
                      "strokeLinecap",
                      "strokeLinejoin",
                    ]
                  }
                  stroke={
                    {
                      "payload": 4283717721,
                      "type": 0,
                    }
                  }
                  strokeLinecap={1}
                  strokeLinejoin={1}
                  strokeWidth={2}
                >
                  <RNSVGPath
                    d="M9 18l6-6-6-6"
                    fill={
                      {
                        "payload": 4278190080,
                        "type": 0,
                      }
                    }
                  />
                </RNSVGGroup>
              </RNSVGGroup>
            </RNSVGSvgView>
          </View>
        </View>
        <View
          accessibilityLabel="Profile & Preferences"
          accessibilityRole="button"
          accessibilityState={
            {
              "busy": undefined,
              "checked": undefined,
              "disabled": undefined,
              "expanded": undefined,
              "selected": undefined,
            }
          }
          accessibilityValue={
            {
              "max": undefined,
              "min": undefined,
              "now": undefined,
              "text": undefined,
            }
          }
          accessible={true}
          collapsable={false}
          focusable={true}
          onBlur={[Function]}
          onClick={[Function]}
          onFocus={[Function]}
          onResponderGrant={[Function]}
          onResponderMove={[Function]}
          onResponderRelease={[Function]}
          onResponderTerminate={[Function]}
          onResponderTerminationRequest={[Function]}
          onStartShouldSetResponder={[Function]}
          style={
            {
              "backgroundColor": "#FFFFFF",
              "borderColor": "#E1E6E8",
              "borderRadius": 18,
              "borderWidth": 2,
              "marginBottom": 9,
              "padding": 18,
            }
          }
        >
          <View
            style={
              {
                "alignItems": "center",
                "flexDirection": "row",
                "gap": 15,
              }
            }
          >
            <View
              style={
                {
                  "alignItems": "center",
                  "backgroundColor": "#F4F7F8",
                  "borderRadius": 14,
                  "height": 50,
                  "justifyContent": "center",
                  "width": 50,
                }
              }
            >
              <RNSVGSvgView
                align="xMidYMid"
                bbHeight={24}
                bbWidth={24}
                fill="none"
                focusable={false}
                height={24}
                meetOrSlice={0}
                minX={0}
                minY={0}
                style={
                  [
                    {
                      "backgroundColor": "transparent",
                      "borderWidth": 0,
                    },
                    {
                      "flex": 0,
                      "height": 24,
                      "width": 24,
                    },
                  ]
                }
                vbHeight={24}
                vbWidth={24}
                width={24}
              >
                <RNSVGGroup
                  fill={null}
                  propList={
                    [
                      "fill",
                    ]
                  }
                >
                  <RNSVGGroup
                    fill={
                      {
                        "payload": 4278190080,
                        "type": 0,
                      }
                    }
                    propList={
                      [
                        "stroke",
                        "strokeWidth",
                        "strokeLinecap",
                        "strokeLinejoin",
                      ]
                    }
                    stroke={
                      {
                        "payload": 4278230182,
                        "type": 0,
                      }
                    }
                    strokeLinecap={1}
                    strokeLinejoin={1}
                    strokeWidth={2}
                  >
                    <RNSVGCircle
                      cx="12"
                      cy="12"
                      fill={
                        {
                          "payload": 4278190080,
                          "type": 0,
                        }
                      }
                      r="3"
                    />
                    <RNSVGPath
                      d="M19.4 15a1.65 1.65 0 00.33 1.82l.06.06a2 2 0 010 2.83 2 2 0 01-2.83 0l-.06-.06a1.65 1.65 0 00-1.82-.33 1.65 1.65 0 00-1 1.51V21a2 2 0 01-2 2 2 2 0 01-2-2v-.09A1.65 1.65 0 009 19.4a1.65 1.65 0 00-1.82.33l-.06.06a2 2 0 01-2.83 0 2 2 0 010-2.83l.06-.06A1.65 1.65 0 004.68 15a1.65 1.65 0 00-1.51-1H3a2 2 0 01-2-2 2 2 0 012-2h.09A1.65 1.65 0 004.6 9a1.65 1.65 0 00-.33-1.82l-.06-.06a2 2 0 010-2.83 2 2 0 012.83 0l.06.06A1.65 1.65 0 009 4.6a1.65 1.65 0 001-1.51V3a2 2 0 012-2 2 2 0 012 2v.09a1.65 1.65 0 001 1.51 1.65 1.65 0 001.82-.33l.06-.06a2 2 0 012.83 0 2 2 0 010 2.83l-.06.06A1.65 1.65 0 0019.4 9a1.65 1.65 0 001.51 1H21a2 2 0 012 2 2 2 0 01-2 2h-.09a1.65 1.65 0 00-1.51 1z"
                      fill={
                        {
                          "payload": 4278190080,
                          "type": 0,
                        }
                      }
                    />
                  </RNSVGGroup>
                </RNSVGGroup>
              </RNSVGSvgView>
            </View>
            <View
              style={
                {
                  "flex": 1,
                  "minWidth": 0,
                }
              }
            >
              <Text
                maxFontSizeMultiplier={1.3}
                numberOfLines={1}
                style={
                  {
                    "color": "#002B49",
                    "fontFamily": "Figtree_600SemiBold",
                    "fontSize": 19,
                    "fontWeight": "600",
                    "marginBottom": 2,
                  }
                }
              >
                Profile & Preferences
              </Text>
              <Text
                maxFontSizeMultiplier={1.3}
                numberOfLines={1}
                style={
                  {
                    "color": "#545859",
                    "fontFamily": "Figtree_400Regular",
                    "fontSize": 17,
                  }
                }
              >
                Notifications, security & comms
              </Text>
            </View>
            <RNSVGSvgView
              align="xMidYMid"
              bbHeight={19}
              bbWidth={19}
              fill="none"
              focusable={false}
              height={19}
              meetOrSlice={0}
              minX={0}
              minY={0}
              style={
                [
                  {
                    "backgroundColor": "transparent",
                    "borderWidth": 0,
                  },
                  {
                    "flex": 0,
                    "height": 19,
                    "width": 19,
                  },
                ]
              }
              vbHeight={24}
              vbWidth={24}
              width={19}
            >
              <RNSVGGroup
                fill={null}
                propList={
                  [
                    "fill",
                  ]
                }
              >
                <RNSVGGroup
                  fill={
                    {
                      "payload": 4278190080,
                      "type": 0,
                    }
                  }
                  propList={
                    [
                      "stroke",
                      "strokeWidth",
                      "strokeLinecap",
                      "strokeLinejoin",
                    ]
                  }
                  stroke={
                    {
                      "payload": 4283717721,
                      "type": 0,
                    }
                  }
                  strokeLinecap={1}
                  strokeLinejoin={1}
                  strokeWidth={2}
                >
                  <RNSVGPath
                    d="M9 18l6-6-6-6"
                    fill={
                      {
                        "payload": 4278190080,
                        "type": 0,
                      }
                    }
                  />
                </RNSVGGroup>
              </RNSVGGroup>
            </RNSVGSvgView>
          </View>
        </View>
        <View
          accessibilityLabel="Help & Support"
          accessibilityRole="button"
          accessibilityState={
            {
              "busy": undefined,
              "checked": undefined,
              "disabled": undefined,
              "expanded": undefined,
              "selected": undefined,
            }
          }
          accessibilityValue={
            {
              "max": undefined,
              "min": undefined,
              "now": undefined,
              "text": undefined,
            }
          }
          accessible={true}
          collapsable={false}
          focusable={true}
          onBlur={[Function]}
          onClick={[Function]}
          onFocus={[Function]}
          onResponderGrant={[Function]}
          onResponderMove={[Function]}
          onResponderRelease={[Function]}
          onResponderTerminate={[Function]}
          onResponderTerminationRequest={[Function]}
          onStartShouldSetResponder={[Function]}
          style={
            {
              "backgroundColor": "#FFFFFF",
              "borderColor": "#E1E6E8",
              "borderRadius": 18,
              "borderWidth": 2,
              "marginBottom": 9,
              "padding": 18,
            }
          }
        >
          <View
            style={
              {
                "alignItems": "center",
                "flexDirection": "row",
                "gap": 15,
              }
            }
          >
            <View
              style={
                {
                  "alignItems": "center",
                  "backgroundColor": "#F4F7F8",
                  "borderRadius": 14,
                  "height": 50,
                  "justifyContent": "center",
                  "width": 50,
                }
              }
            >
              <RNSVGSvgView
                align="xMidYMid"
                bbHeight={24}
                bbWidth={24}
                fill="none"
                focusable={false}
                height={24}
                meetOrSlice={0}
                minX={0}
                minY={0}
                style={
                  [
                    {
                      "backgroundColor": "transparent",
                      "borderWidth": 0,
                    },
                    {
                      "flex": 0,
                      "height": 24,
                      "width": 24,
                    },
                  ]
                }
                vbHeight={24}
                vbWidth={24}
                width={24}
              >
                <RNSVGGroup
                  fill={null}
                  propList={
                    [
                      "fill",
                    ]
                  }
                >
                  <RNSVGGroup
                    fill={
                      {
                        "payload": 4278190080,
                        "type": 0,
                      }
                    }
                    propList={
                      [
                        "stroke",
                        "strokeWidth",
                        "strokeLinecap",
                        "strokeLinejoin",
                      ]
                    }
                    stroke={
                      {
                        "payload": 4278230182,
                        "type": 0,
                      }
                    }
                    strokeLinecap={1}
                    strokeLinejoin={1}
                    strokeWidth={2}
                  >
                    <RNSVGCircle
                      cx="12"
                      cy="12"
                      fill={
                        {
                          "payload": 4278190080,
                          "type": 0,
                        }
                      }
                      r="10"
                    />
                    <RNSVGPath
                      d="M9.09 9a3 3 0 015.83 1c0 2-3 3-3 3"
                      fill={
                        {
                          "payload": 4278190080,
                          "type": 0,
                        }
                      }
                    />
                    <RNSVGLine
                      fill={
                        {
                          "payload": 4278190080,
                          "type": 0,
                        }
                      }
                      x1="12"
                      x2="12.01"
                      y1="17"
                      y2="17"
                    />
                  </RNSVGGroup>
                </RNSVGGroup>
              </RNSVGSvgView>
            </View>
            <View
              style={
                {
                  "flex": 1,
                  "minWidth": 0,
                }
              }
            >
              <Text
                maxFontSizeMultiplier={1.3}
                numberOfLines={1}
                style={
                  {
                    "color": "#002B49",
                    "fontFamily": "Figtree_600SemiBold",
                    "fontSize": 19,
                    "fontWeight": "600",
                    "marginBottom": 2,
                  }
                }
              >
                Help & Support
              </Text>
              <Text
                maxFontSizeMultiplier={1.3}
                numberOfLines={1}
                style={
                  {
                    "color": "#545859",
                    "fontFamily": "Figtree_400Regular",
                    "fontSize": 17,
                  }
                }
              >
                FAQs & guides
              </Text>
            </View>
            <RNSVGSvgView
              align="xMidYMid"
              bbHeight={19}
              bbWidth={19}
              fill="none"
              focusable={false}
              height={19}
              meetOrSlice={0}
              minX={0}
              minY={0}
              style={
                [
                  {
                    "backgroundColor": "transparent",
                    "borderWidth": 0,
                  },
                  {
                    "flex": 0,
                    "height": 19,
                    "width": 19,
                  },
                ]
              }
              vbHeight={24}
              vbWidth={24}
              width={19}
            >
              <RNSVGGroup
                fill={null}
                propList={
                  [
                    "fill",
                  ]
                }
              >
                <RNSVGGroup
                  fill={
                    {
                      "payload": 4278190080,
                      "type": 0,
                    }
                  }
                  propList={
                    [
                      "stroke",
                      "strokeWidth",
                      "strokeLinecap",
                      "strokeLinejoin",
                    ]
                  }
                  stroke={
                    {
                      "payload": 4283717721,
                      "type": 0,
                    }
                  }
                  strokeLinecap={1}
                  strokeLinejoin={1}
                  strokeWidth={2}
                >
                  <RNSVGPath
                    d="M9 18l6-6-6-6"
                    fill={
                      {
                        "payload": 4278190080,
                        "type": 0,
                      }
                    }
                  />
                </RNSVGGroup>
              </RNSVGGroup>
            </RNSVGSvgView>
          </View>
        </View>
      </View>
    </RCTScrollView>
  </RNCSafeAreaView>
</KeyboardProvider>
`;
