// Jest Snapshot v1, https://goo.gl/fbAQLP

exports[`ChatComposer matches the snapshot 1`] = `
<KeyboardProvider>
  <View
    style={
      {
        "paddingVertical": 12,
      }
    }
  >
    <View
      style={
        {
          "alignItems": "center",
          "flexDirection": "row",
          "gap": 11,
        }
      }
    >
      <View
        accessibilityLabel="Attach document"
        accessibilityRole="button"
        accessibilityState={
          {
            "busy": undefined,
            "checked": undefined,
            "disabled": undefined,
            "expanded": false,
            "selected": undefined,
          }
        }
        accessibilityValue={
          {
            "max": undefined,
            "min": undefined,
            "now": undefined,
            "text": undefined,
          }
        }
        accessible={true}
        collapsable={false}
        focusable={true}
        onBlur={[Function]}
        onClick={[Function]}
        onFocus={[Function]}
        onResponderGrant={[Function]}
        onResponderMove={[Function]}
        onResponderRelease={[Function]}
        onResponderTerminate={[Function]}
        onResponderTerminationRequest={[Function]}
        onStartShouldSetResponder={[Function]}
        style={
          {
            "alignItems": "center",
            "backgroundColor": "#FFFFFF",
            "borderColor": "#E1E6E8",
            "borderRadius": 25,
            "borderWidth": 2,
            "flexShrink": 0,
            "height": 50,
            "justifyContent": "center",
            "width": 50,
          }
        }
      >
        <RNSVGSvgView
          align="xMidYMid"
          bbHeight={22}
          bbWidth={22}
          fill="none"
          focusable={false}
          height={22}
          meetOrSlice={0}
          minX={0}
          minY={0}
          style={
            [
              {
                "backgroundColor": "transparent",
                "borderWidth": 0,
              },
              {
                "flex": 0,
                "height": 22,
                "width": 22,
              },
            ]
          }
          vbHeight={24}
          vbWidth={24}
          width={22}
        >
          <RNSVGGroup
            fill={null}
            propList={
              [
                "fill",
              ]
            }
          >
            <RNSVGGroup
              fill={
                {
                  "payload": 4278190080,
                  "type": 0,
                }
              }
              propList={
                [
                  "stroke",
                  "strokeWidth",
                  "strokeLinecap",
                  "strokeLinejoin",
                ]
              }
              stroke={
                {
                  "payload": 4278230182,
                  "type": 0,
                }
              }
              strokeLinecap={1}
              strokeLinejoin={1}
              strokeWidth={2}
            >
              <RNSVGPath
                d="M21.44 11.05l-9.19 9.19a6 6 0 01-8.49-8.49l9.19-9.19a4 4 0 015.66 5.66l-9.2 9.19a2 2 0 01-2.83-2.83l8.49-8.48"
                fill={
                  {
                    "payload": 4278190080,
                    "type": 0,
                  }
                }
              />
            </RNSVGGroup>
          </RNSVGGroup>
        </RNSVGSvgView>
      </View>
      <TextInput
        accessibilityLabel="Type a message..."
        onChangeText={[MockFunction]}
        onSubmitEditing={[MockFunction]}
        placeholder="Type a message..."
        placeholderTextColor="#545859"
        returnKeyType="send"
        style={
          {
            "backgroundColor": "#FFFFFF",
            "borderColor": "#E1E6E8",
            "borderRadius": 27,
            "borderWidth": 2,
            "color": "#002B49",
            "flex": 1,
            "fontFamily": "Figtree_400Regular",
            "fontSize": 18,
            "paddingHorizontal": 18,
            "paddingVertical": 12,
          }
        }
        value="Hi"
      />
      <View
        accessibilityLabel="Send message"
        accessibilityRole="button"
        accessibilityState={
          {
            "busy": undefined,
            "checked": undefined,
            "disabled": undefined,
            "expanded": undefined,
            "selected": undefined,
          }
        }
        accessibilityValue={
          {
            "max": undefined,
            "min": undefined,
            "now": undefined,
            "text": undefined,
          }
        }
        accessible={true}
        collapsable={false}
        focusable={true}
        onBlur={[Function]}
        onClick={[Function]}
        onFocus={[Function]}
        onResponderGrant={[Function]}
        onResponderMove={[Function]}
        onResponderRelease={[Function]}
        onResponderTerminate={[Function]}
        onResponderTerminationRequest={[Function]}
        onStartShouldSetResponder={[Function]}
        style={
          {
            "alignItems": "center",
            "backgroundColor": "#009CA6",
            "borderRadius": 25,
            "flexShrink": 0,
            "height": 50,
            "justifyContent": "center",
            "width": 50,
          }
        }
      >
        <RNSVGSvgView
          align="xMidYMid"
          bbHeight={21}
          bbWidth={21}
          fill="#FFFFFF"
          focusable={false}
          height={21}
          meetOrSlice={0}
          minX={0}
          minY={0}
          style={
            [
              {
                "backgroundColor": "transparent",
                "borderWidth": 0,
              },
              {
                "flex": 0,
                "height": 21,
                "width": 21,
              },
            ]
          }
          vbHeight={24}
          vbWidth={24}
          width={21}
        >
          <RNSVGGroup
            fill={
              {
                "payload": 4294967295,
                "type": 0,
              }
            }
            propList={
              [
                "fill",
              ]
            }
          >
            <RNSVGPath
              d="M2 21l21-9L2 3v7l15 2-15 2z"
              fill={
                {
                  "payload": 4278190080,
                  "type": 0,
                }
              }
            />
          </RNSVGGroup>
        </RNSVGSvgView>
      </View>
    </View>
  </View>
</KeyboardProvider>
`;
