// Jest Snapshot v1, https://goo.gl/fbAQLP

exports[`GroupAvatar matches the snapshot 1`] = `
<KeyboardProvider>
  <View
    style={
      {
        "alignItems": "center",
        "backgroundColor": "#E8F5E9",
        "borderRadius": 22,
        "flexShrink": 0,
        "height": 44,
        "justifyContent": "center",
        "width": 44,
      }
    }
  >
    <RNSVGSvgView
      align="xMidYMid"
      bbHeight={22}
      bbWidth={22}
      fill="none"
      focusable={false}
      height={22}
      meetOrSlice={0}
      minX={0}
      minY={0}
      style={
        [
          {
            "backgroundColor": "transparent",
            "borderWidth": 0,
          },
          {
            "flex": 0,
            "height": 22,
            "width": 22,
          },
        ]
      }
      vbHeight={24}
      vbWidth={24}
      width={22}
    >
      <RNSVGGroup
        fill={null}
        propList={
          [
            "fill",
          ]
        }
      >
        <RNSVGGroup
          fill={
            {
              "payload": 4278190080,
              "type": 0,
            }
          }
          propList={
            [
              "stroke",
              "strokeWidth",
              "strokeLinecap",
              "strokeLinejoin",
            ]
          }
          stroke={
            {
              "payload": 4278230182,
              "type": 0,
            }
          }
          strokeLinecap={1}
          strokeLinejoin={1}
          strokeWidth={2}
        >
          <RNSVGPath
            d="M17 21v-2a4 4 0 00-4-4H5a4 4 0 00-4 4v2"
            fill={
              {
                "payload": 4278190080,
                "type": 0,
              }
            }
          />
          <RNSVGCircle
            cx="9"
            cy="7"
            fill={
              {
                "payload": 4278190080,
                "type": 0,
              }
            }
            r="4"
          />
          <RNSVGPath
            d="M23 21v-2a4 4 0 00-3-3.87"
            fill={
              {
                "payload": 4278190080,
                "type": 0,
              }
            }
          />
          <RNSVGPath
            d="M16 3.13a4 4 0 010 7.75"
            fill={
              {
                "payload": 4278190080,
                "type": 0,
              }
            }
          />
        </RNSVGGroup>
      </RNSVGGroup>
    </RNSVGSvgView>
  </View>
</KeyboardProvider>
`;
