// Jest Snapshot v1, https://goo.gl/fbAQLP

exports[`ThreadHeader matches the snapshot 1`] = `
<KeyboardProvider>
  <View
    style={
      {
        "alignItems": "center",
        "borderBottomColor": "#E1E6E8",
        "borderBottomWidth": 2,
        "flexDirection": "row",
        "gap": 12,
        "paddingBottom": 15,
        "paddingTop": 18,
      }
    }
  >
    <View
      accessibilityLabel="Back"
      accessibilityRole="button"
      accessibilityState={
        {
          "busy": undefined,
          "checked": undefined,
          "disabled": undefined,
          "expanded": undefined,
          "selected": undefined,
        }
      }
      accessibilityValue={
        {
          "max": undefined,
          "min": undefined,
          "now": undefined,
          "text": undefined,
        }
      }
      accessible={true}
      collapsable={false}
      focusable={true}
      onBlur={[Function]}
      onClick={[Function]}
      onFocus={[Function]}
      onResponderGrant={[Function]}
      onResponderMove={[Function]}
      onResponderRelease={[Function]}
      onResponderTerminate={[Function]}
      onResponderTerminationRequest={[Function]}
      onStartShouldSetResponder={[Function]}
    >
      <RNSVGSvgView
        align="xMidYMid"
        bbHeight={27}
        bbWidth={27}
        fill="none"
        focusable={false}
        height={27}
        meetOrSlice={0}
        minX={0}
        minY={0}
        style={
          [
            {
              "backgroundColor": "transparent",
              "borderWidth": 0,
            },
            {
              "flex": 0,
              "height": 27,
              "width": 27,
            },
          ]
        }
        vbHeight={24}
        vbWidth={24}
        width={27}
      >
        <RNSVGGroup
          fill={null}
          propList={
            [
              "fill",
            ]
          }
        >
          <RNSVGGroup
            fill={
              {
                "payload": 4278190080,
                "type": 0,
              }
            }
            propList={
              [
                "stroke",
                "strokeWidth",
                "strokeLinecap",
                "strokeLinejoin",
              ]
            }
            stroke={
              {
                "payload": 4278201161,
                "type": 0,
              }
            }
            strokeLinecap={1}
            strokeLinejoin={1}
            strokeWidth={2}
          >
            <RNSVGPath
              d="M15 18l-6-6 6-6"
              fill={
                {
                  "payload": 4278190080,
                  "type": 0,
                }
              }
            />
          </RNSVGGroup>
        </RNSVGGroup>
      </RNSVGSvgView>
    </View>
    <View
      style={
        {
          "alignItems": "center",
          "backgroundColor": "#E8F5E9",
          "borderRadius": 22,
          "flexShrink": 0,
          "height": 44,
          "justifyContent": "center",
          "width": 44,
        }
      }
    >
      <RNSVGSvgView
        align="xMidYMid"
        bbHeight={22}
        bbWidth={22}
        fill="none"
        focusable={false}
        height={22}
        meetOrSlice={0}
        minX={0}
        minY={0}
        style={
          [
            {
              "backgroundColor": "transparent",
              "borderWidth": 0,
            },
            {
              "flex": 0,
              "height": 22,
              "width": 22,
            },
          ]
        }
        vbHeight={24}
        vbWidth={24}
        width={22}
      >
        <RNSVGGroup
          fill={null}
          propList={
            [
              "fill",
            ]
          }
        >
          <RNSVGGroup
            fill={
              {
                "payload": 4278190080,
                "type": 0,
              }
            }
            propList={
              [
                "stroke",
                "strokeWidth",
                "strokeLinecap",
                "strokeLinejoin",
              ]
            }
            stroke={
              {
                "payload": 4278230182,
                "type": 0,
              }
            }
            strokeLinecap={1}
            strokeLinejoin={1}
            strokeWidth={2}
          >
            <RNSVGPath
              d="M17 21v-2a4 4 0 00-4-4H5a4 4 0 00-4 4v2"
              fill={
                {
                  "payload": 4278190080,
                  "type": 0,
                }
              }
            />
            <RNSVGCircle
              cx="9"
              cy="7"
              fill={
                {
                  "payload": 4278190080,
                  "type": 0,
                }
              }
              r="4"
            />
            <RNSVGPath
              d="M23 21v-2a4 4 0 00-3-3.87"
              fill={
                {
                  "payload": 4278190080,
                  "type": 0,
                }
              }
            />
            <RNSVGPath
              d="M16 3.13a4 4 0 010 7.75"
              fill={
                {
                  "payload": 4278190080,
                  "type": 0,
                }
              }
            />
          </RNSVGGroup>
        </RNSVGGroup>
      </RNSVGSvgView>
    </View>
    <View
      style={
        {
          "flex": 1,
          "minWidth": 0,
        }
      }
    >
      <Text
        maxFontSizeMultiplier={1.3}
        numberOfLines={1}
        style={
          {
            "color": "#002B49",
            "fontFamily": "Figtree_600SemiBold",
            "fontSize": 19,
            "fontWeight": "600",
          }
        }
      >
        Annual Accounts 2024
      </Text>
      <View
        style={
          {
            "alignItems": "center",
            "flexDirection": "row",
            "gap": 6,
          }
        }
      >
        <RNSVGSvgView
          align="xMidYMid"
          bbHeight={17}
          bbWidth={17}
          fill="none"
          focusable={false}
          height={17}
          meetOrSlice={0}
          minX={0}
          minY={0}
          style={
            [
              {
                "backgroundColor": "transparent",
                "borderWidth": 0,
              },
              {
                "flex": 0,
                "height": 17,
                "width": 17,
              },
            ]
          }
          vbHeight={24}
          vbWidth={24}
          width={17}
        >
          <RNSVGGroup
            fill={null}
            propList={
              [
                "fill",
              ]
            }
          >
            <RNSVGGroup
              fill={
                {
                  "payload": 4278190080,
                  "type": 0,
                }
              }
              propList={
                [
                  "stroke",
                  "strokeWidth",
                  "strokeLinecap",
                  "strokeLinejoin",
                ]
              }
              stroke={
                {
                  "payload": 4283717721,
                  "type": 0,
                }
              }
              strokeLinecap={1}
              strokeLinejoin={1}
              strokeWidth={2}
            >
              <RNSVGPath
                d="M17 21v-2a4 4 0 00-4-4H5a4 4 0 00-4 4v2"
                fill={
                  {
                    "payload": 4278190080,
                    "type": 0,
                  }
                }
              />
              <RNSVGCircle
                cx="9"
                cy="7"
                fill={
                  {
                    "payload": 4278190080,
                    "type": 0,
                  }
                }
                r="4"
              />
              <RNSVGPath
                d="M23 21v-2a4 4 0 00-3-3.87"
                fill={
                  {
                    "payload": 4278190080,
                    "type": 0,
                  }
                }
              />
              <RNSVGPath
                d="M16 3.13a4 4 0 010 7.75"
                fill={
                  {
                    "payload": 4278190080,
                    "type": 0,
                  }
                }
              />
            </RNSVGGroup>
          </RNSVGGroup>
        </RNSVGSvgView>
        <Text
          maxFontSizeMultiplier={1.3}
          style={
            {
              "color": "#545859",
              "fontFamily": "Figtree_400Regular",
              "fontSize": 15,
            }
          }
        >
          3 participants
        </Text>
      </View>
    </View>
  </View>
</KeyboardProvider>
`;
