// Jest Snapshot v1, https://goo.gl/fbAQLP

exports[`OpdHoursCard matches the snapshot 1`] = `
<KeyboardProvider>
  <View
    style={
      {
        "backgroundColor": "#FFFFFF",
        "borderColor": "#DDE5E1",
        "borderRadius": 27,
        "borderWidth": 2,
        "flexDirection": "column",
        "padding": 24,
      }
    }
  >
    <Text
      maxFontSizeMultiplier={1.3}
      style={
        {
          "color": "#14213D",
          "fontFamily": "Figtree_700Bold",
          "fontSize": 24,
          "fontWeight": "700",
          "marginBottom": 9,
        }
      }
    >
      OPD hours
    </Text>
    <View
      style={
        {
          "flexDirection": "row",
          "justifyContent": "space-between",
          "paddingVertical": 12,
        }
      }
    >
      <Text
        maxFontSizeMultiplier={1.3}
        style={
          {
            "color": "#14213D",
            "fontFamily": "Figtree_400Regular",
            "fontSize": 21,
          }
        }
      >
        Mon – Fri
      </Text>
      <Text
        maxFontSizeMultiplier={1.3}
        style={
          {
            "color": "#14213D",
            "fontFamily": "Figtree_700Bold",
            "fontSize": 21,
            "fontWeight": "700",
          }
        }
      >
        10:00 AM – 2:00 PM
      </Text>
    </View>
    <View
      style={
        {
          "backgroundColor": "#DDE5E1",
          "height": 2,
        }
      }
    />
    <View
      style={
        {
          "flexDirection": "row",
          "justifyContent": "space-between",
          "paddingVertical": 12,
        }
      }
    >
      <Text
        maxFontSizeMultiplier={1.3}
        style={
          {
            "color": "#14213D",
            "fontFamily": "Figtree_400Regular",
            "fontSize": 21,
          }
        }
      >
        Sunday
      </Text>
      <Text
        maxFontSizeMultiplier={1.3}
        style={
          {
            "color": "#6B7A8C",
            "fontFamily": "Figtree_400Regular",
            "fontSize": 19,
          }
        }
      >
        Closed
      </Text>
    </View>
  </View>
</KeyboardProvider>
`;
